------------------------------------------------------------------------------------------------------------------------
      name:  L32_assemble_panel
       log:  C:\Users\DDelgado\Documents\GitHub\Crime-and-Migration/output/logs/32_assemble_panel.log
  log type:  text
 opened on:  30 Sep 2026, 10:56:56

. *=====================================================================
. * 32_assemble_panel.do - district x year panel for event studies (spec 3)
. *
. * Inputs: $der/sinadef/sinadef_district_year.dta (2017-2025)
. *         $der/sidpol/sidpol_district_year.dta   (2018-2025)
. *         $der/census/census2025_district.dta, $der/instruments/instruments.dta
. *         $der/controls/pre2017_crime_2016.dta   (2016 police reports)
. * Output: $der/analysis/panel_dy.dta (1,893 districts x 2016-2025)
. *
. * 2016 rows carry only the 2016 police-report counts (pre16_*); SINADEF
. * starts in 2017 and SIDPOL in 2018. Rates per 100,000 use the 2025 census
. * population as a fixed denominator. break2025 flags the SIDPOL extraction
. * change (OBNASEC-INDAGA 2026, p. 67).
. *=====================================================================
. if "$root" == "" exit 198

. 
. use "$der/geo/geo_harmonized.dta", clear

. keep ubigeo

. expand 10
(17,037 observations created)

. bysort ubigeo: generate int year = 2015 + _n

. isid ubigeo year

. 
. merge 1:1 ubigeo year using "$der/sinadef/sinadef_district_year.dta", keep(master match)

    Result                      Number of obs
    -----------------------------------------
    Not matched                         1,893
        from master                     1,893  (_merge==1)
        from using                          0  (_merge==2)

    Matched                            17,037  (_merge==3)
    -----------------------------------------

. assert _merge == 3 if inrange(year, 2017, 2025)

. generate byte in_sinadef = _merge == 3

. drop _merge

. merge 1:1 ubigeo year using "$der/sidpol/sidpol_district_year.dta", keep(master match)

    Result                      Number of obs
    -----------------------------------------
    Not matched                         3,786
        from master                     3,786  (_merge==1)
        from using                          0  (_merge==2)

    Matched                            15,144  (_merge==3)
    -----------------------------------------

. assert _merge == 3 if inrange(year, 2018, 2025)

. generate byte in_sidpol = _merge == 3

. drop _merge

. 
. merge m:1 ubigeo using "$der/controls/pre2017_crime_2016.dta", keep(master match) nogenerate

    Result                      Number of obs
    -----------------------------------------
    Not matched                             0
    Matched                            18,930  
    -----------------------------------------

. foreach v in hom sicariato extorsion robo hurto {
  2.     generate police16_`v' = pre16_`v' if year == 2016
  3. }
(17,037 missing values generated)
(17,037 missing values generated)
(17,037 missing values generated)
(17,037 missing values generated)
(17,037 missing values generated)

. drop pre16_*

. 
. merge m:1 ubigeo using "$der/census/census2025_district.dta", ///
>     keepusing(pop25 vshare25 dept_id prov_id lima_callao tumbes) keep(master match)

    Result                      Number of obs
    -----------------------------------------
    Not matched                             0
    Matched                            18,930  (_merge==3)
    -----------------------------------------

. check_merge, using(0)
merge: master only 0, using only 0, matched 18930

. drop _merge

. merge m:1 ubigeo using "$der/instruments/instruments.dta", ///
>     keepusing(z2_ltt z3_alt ltt_lima ldens15 lat lon pop_ghsl15 geo_missing) keep(master match)

    Result                      Number of obs
    -----------------------------------------
    Not matched                             0
    Matched                            18,930  (_merge==3)
    -----------------------------------------

. check_merge, using(0)
merge: master only 0, using only 0, matched 18930

. drop _merge

. 
. foreach v of varlist hom hom_fire hom_m1539 suicide traffic nonviol sid_* police16_* {
  2.     generate r_`v' = 1e5 * `v' / pop25
  3. }
(1,893 missing values generated)
(1,893 missing values generated)
(1,893 missing values generated)
(1,893 missing values generated)
(1,893 missing values generated)
(1,893 missing values generated)
(3,786 missing values generated)
(3,786 missing values generated)
(3,786 missing values generated)
(3,786 missing values generated)
(3,786 missing values generated)
(3,786 missing values generated)
(17,037 missing values generated)
(17,037 missing values generated)
(17,037 missing values generated)
(17,037 missing values generated)
(17,037 missing values generated)

. encode dept_id, generate(dept_n)

. encode prov_id, generate(prov_n)

. egen long did = group(ubigeo)

. xtset did year

Panel variable: did (strongly balanced)
 Time variable: year, 2016 to 2025
         Delta: 1 unit

. isid ubigeo year

. assert _N == 1893 * 10

. compress
  variable dept_n was long now byte
  variable prov_n was long now int
  variable did was long now int
  variable police16_hom was double now byte
  variable police16_sicariato was double now byte
  variable police16_extorsion was double now int
  variable police16_robo was double now int
  variable police16_hurto was double now int
  (738,270 bytes saved)

. save "$der/analysis/panel_dy.dta", replace
file C:\Users\DDelgado\Documents\GitHub\Crime-and-Migration/data/derived/analysis/panel_dy.dta saved

. display as text "32_assemble_panel: " _N " district-years (2016-2025)"
32_assemble_panel: 18930 district-years (2016-2025)

. 
end of do-file
